
> server@0.0.1 build
> nest build

npm : [96msrc/notifi
cations/notifications
.controller.ts[0m:[
93m25[0m:[93m42[0m
 - 
[91merror[0m[90m 
TS2345: [0mArgument 
of type 'string | 
undefined' is not 
assignable to 
parameter of type 
'string'.
At line:1 char:1
+ npm run build > 
build_output.txt 2>&1
+ ~~~~~~~~~~~~~~~~~~~
~~~~~~~~~~~~~~~~~~
    + CategoryInfo   
           : NotSpe  
  cified: ([96msr   
 c/notifi... type    
 'string'.:Strin    
g) [], RemoteExc    
eption
    + FullyQualified 
   ErrorId : Native  
  CommandError
 
  Type 'undefined' 
is not assignable to 
type 'string'.

[7m25[0m     
return this.service.s
endTest(userId, 
dto.title, dto.body);
[7m  [0m [91m     
                     
               
~~~~~~~~~[0m

Found 1 error(s).

